// Jest Snapshot v1, https://goo.gl/fbAQLP

exports[`generate returns proper markdown string 1`] = `
"# Web Frontend Changelog

## Version \`next\`

### Added
_No entries_

### Changed
_No entries_

### Fixed
- **Comp 2:** comp2 fix description

## Version \`1.1.0\`

### Added
_No entries_

### Changed
- **Comp 1:** comp1 change description

### Fixed
_No entries_

## Version \`1.0.0\`

### Added
- **Comp 1:** comp1 addition description

### Changed
_No entries_

### Fixed
_No entries_

"
`;
